../Core/Src/main.c:89:6:HAL_GPIO_EXTI_Callback	16	static
../Core/Src/main.c:102:5:main	104	static
../Core/Src/main.c:187:6:SystemClock_Config	96	static
../Core/Src/main.c:238:13:MX_I2C2_Init	8	static
../Core/Src/main.c:286:13:MX_USART1_UART_Init	8	static
../Core/Src/main.c:334:13:MX_GPIO_Init	40	static
../Core/Src/main.c:390:6:StartDefaultTask	24	static
../Core/Src/main.c:442:6:StartTask02	16	static
../Core/Src/main.c:466:6:StartTask03	16	static
../Core/Src/main.c:493:6:HAL_TIM_PeriodElapsedCallback	16	static
../Core/Src/main.c:510:6:Error_Handler	4	static,ignoring_inline_asm
